// Vitest Snapshot v1, https://vitest.dev/guide/snapshot.html

exports[`Keyframe > renders unchanged 1`] = `
<DocumentFragment>
  .🐻-2423249117 {
  color: purple;
  font-size: 40px;
  animation: fadeIn 1s linear;
}

@keyframes fadeIn {
  0% {
    opacity: 0;
  }

  100% {
    opacity: 1;
  }
}

  <p
    class="🐻-2423249117"
  >
    Keyframe
  </p>
</DocumentFragment>
`;
