// Vitest Snapshot v1, https://vitest.dev/guide/snapshot.html

exports[`MediaQuery > renders unchanged 1`] = `
<DocumentFragment>
  .🐻-155337860 {
  color: orange;
  font-size: 32px;
}

@media screen and (375px &lt;= width &lt; 800px) {
  .🐻-155337860 {
    font-size: 36px;
  }
}

@media screen and (800px &lt;= width) {
  .🐻-155337860 {
    font-size: 40px;
  }
}

  <p
    class="🐻-155337860"
  >
    MediaQuery
  </p>
</DocumentFragment>
`;
