// Vitest Snapshot v1, https://vitest.dev/guide/snapshot.html

exports[`MediaQuery > renders unchanged 1`] = `
<DocumentFragment>
  .emotion-0 {
  color: orange;
  font-size: 32px;
}

@media screen and (375px <= width < 800px) {
  .emotion-0 {
    font-size: 36px;
  }
}

@media screen and (800px <= width) {
  .emotion-0 {
    font-size: 40px;
  }
}

<p
    class="emotion-0"
  >
    MediaQuery
  </p>
</DocumentFragment>
`;
